

Version:	3.50
CmdLine:	E:\Fichier et Etude\Workspace\JAVA - Projet\GestionEcole\src\gestion_ecole.exe --l4j-debug
JNI:		No
WOW64:		Yes
Working dir:	E:\Fichier et Etude\Workspace\JAVA - Projet\GestionEcole\src\.
Requires JDK:	No
Requires 64-Bit: No
Java min ver:	
Java max ver:	
Substitute:	JAVA_HOME = E:\Installation\Android Studio\jbr
Substitute:	PATH = C:\Program Files\Microsoft\jdk-17.0.13.11-hotspot\bin;E:\Installation\Oracle\dbhomeXE\bin;C:\Program Files\Common Files\Oracle\Java\javapath;E:\Installation\python\Scripts\;E:\Installation\python\;C:\Program Files (x86)\NVIDIA Corporation\PhysX\Common;%JAVAFX_HOME%\lib;C:\WINDOWS\system32;C:\WINDOWS;C:\WINDOWS\System32\Wbem;C:\WINDOWS\System32\WindowsPowerShell\v1.0\;C:\WINDOWS\System32\OpenSSH\;E:\Installation\wamp64\www;C:\Users\Nehemia;C:\composer;C:\Program Files\Git\cmd;C:\Users\Nehemia\AppData\Local\Android\Sdk\platform-tools;C:\Program Files\Docker\Docker\resources\bin;C:\ProgramData\chocolatey\bin;C:\Program Files\nodejs\;C:\Program Files\Java\jdk-22;C:\Users\Nehemia\AppData\Local\Android\Sdk\tools;C:\Users\Nehemia\scoop\shims;E:\Installation\anaconda3;E:\Installation\anaconda3\Library\mingw-w64\bin;E:\Installation\anaconda3\Library\usr\bin;E:\Installation\anaconda3\Library\bin;E:\Installation\anaconda3\Scripts;C:\Users\Nehemia\AppData\Local\Microsoft\WindowsApps;E:\Installation\wamp64\bin\php\php-8.3.6;C:\Program Files\Java\jdk-22;C:\flutter\bin;C:\Users\Nehemia\AppData\Roaming\Composer\vendor\bin;E:\Installation\IntelliJ IDEA 2022.2\bin;;C:\Users\Nehemia\AppData\Local\Programs\Microsoft VS Code\bin;C:\Users\Nehemia\AppData\Local\Android\Sdk\platform-tools;C:\Users\Nehemia\AppData\Roaming\npm;;E:\Installation\Android Studio\jbr\bin
JRE paths:	E:\Installation\Android Studio\jbr;C:\Program Files\Microsoft\jdk-17.0.13.11-hotspot\bin;E:\Installation\Oracle\dbhomeXE\bin;C:\Program Files\Common Files\Oracle\Java\javapath;E:\Installation\python\Scripts\;E:\Installation\python\;C:\Program Files (x86)\NVIDIA Corporation\PhysX\Common;%JAVAFX_HOME%\lib;C:\WINDOWS\system32;C:\WINDOWS;C:\WINDOWS\System32\Wbem;C:\WINDOWS\System32\WindowsPowerShell\v1.0\;C:\WINDOWS\System32\OpenSSH\;E:\Installation\wamp64\www;C:\Users\Nehemia;C:\composer;C:\Program Files\Git\cmd;C:\Users\Nehemia\AppData\Local\Android\Sdk\platform-tools;C:\Program Files\Docker\Docker\resources\bin;C:\ProgramData\chocolatey\bin;C:\Program Files\nodejs\;C:\Program Files\Java\jdk-22;C:\Users\Nehemia\AppData\Local\Android\Sdk\tools;C:\Users\Nehemia\scoop\shims;E:\Installation\anaconda3;E:\Installation\anaconda3\Library\mingw-w64\bin;E:\Installation\anaconda3\Library\usr\bin;E:\Installation\anaconda3\Library\bin;E:\Installation\anaconda3\Scripts;C:\Users\Nehemia\AppData\Local\Microsoft\WindowsApps;E:\Installation\wamp64\bin\php\php-8.3.6;C:\Program Files\Java\jdk-22;C:\flutter\bin;C:\Users\Nehemia\AppData\Roaming\Composer\vendor\bin;E:\Installation\IntelliJ IDEA 2022.2\bin;;C:\Users\Nehemia\AppData\Local\Programs\Microsoft VS Code\bin;C:\Users\Nehemia\AppData\Local\Android\Sdk\platform-tools;C:\Users\Nehemia\AppData\Roaming\npm;;E:\Installation\Android Studio\jbr\bin
Check launcher:	E:\Installation\Android Studio\jbr\bin\javaw.exe (OK)
Version string: 1.017.000_010 / 64-Bit (OK)
Launcher:	E:\Installation\Android Studio\jbr\bin\javaw.exe
Launcher args:	--module-path "C:\Program Files\Java\javafx-sdk-20.0.1\lib" --add-modules javafx.controls,javafx.fxml,javafx.graphics -jar "E:\Fichier et Etude\Workspace\JAVA - Projet\GestionEcole\src\gestion_ecole.exe"
Args length:	203/32768 chars
Exit code:	0


Version:	3.50
CmdLine:	E:\Fichier et Etude\Workspace\JAVA - Projet\GestionEcole\src\gestion_ecole.exe --l4j-debug
JNI:		No
WOW64:		Yes
Working dir:	E:\Fichier et Etude\Workspace\JAVA - Projet\GestionEcole\src\.
Requires JDK:	No
Requires 64-Bit: No
Java min ver:	
Java max ver:	
Substitute:	JAVA_HOME = E:\Installation\Android Studio\jbr
Substitute:	PATH = C:\Program Files\Microsoft\jdk-17.0.13.11-hotspot\bin;E:\Installation\Oracle\dbhomeXE\bin;C:\Program Files\Common Files\Oracle\Java\javapath;E:\Installation\python\Scripts\;E:\Installation\python\;C:\Program Files (x86)\NVIDIA Corporation\PhysX\Common;%JAVAFX_HOME%\lib;C:\WINDOWS\system32;C:\WINDOWS;C:\WINDOWS\System32\Wbem;C:\WINDOWS\System32\WindowsPowerShell\v1.0\;C:\WINDOWS\System32\OpenSSH\;E:\Installation\wamp64\www;C:\Users\Nehemia;C:\composer;C:\Program Files\Git\cmd;C:\Users\Nehemia\AppData\Local\Android\Sdk\platform-tools;C:\Program Files\Docker\Docker\resources\bin;C:\ProgramData\chocolatey\bin;C:\Program Files\nodejs\;C:\Program Files\Java\jdk-22;C:\Users\Nehemia\AppData\Local\Android\Sdk\tools;C:\Users\Nehemia\scoop\shims;E:\Installation\anaconda3;E:\Installation\anaconda3\Library\mingw-w64\bin;E:\Installation\anaconda3\Library\usr\bin;E:\Installation\anaconda3\Library\bin;E:\Installation\anaconda3\Scripts;C:\Users\Nehemia\AppData\Local\Microsoft\WindowsApps;E:\Installation\wamp64\bin\php\php-8.3.6;C:\Program Files\Java\jdk-22;C:\flutter\bin;C:\Users\Nehemia\AppData\Roaming\Composer\vendor\bin;E:\Installation\IntelliJ IDEA 2022.2\bin;;C:\Users\Nehemia\AppData\Local\Programs\Microsoft VS Code\bin;C:\Users\Nehemia\AppData\Local\Android\Sdk\platform-tools;C:\Users\Nehemia\AppData\Roaming\npm;;E:\Installation\Android Studio\jbr\bin
JRE paths:	E:\Installation\Android Studio\jbr;C:\Program Files\Microsoft\jdk-17.0.13.11-hotspot\bin;E:\Installation\Oracle\dbhomeXE\bin;C:\Program Files\Common Files\Oracle\Java\javapath;E:\Installation\python\Scripts\;E:\Installation\python\;C:\Program Files (x86)\NVIDIA Corporation\PhysX\Common;%JAVAFX_HOME%\lib;C:\WINDOWS\system32;C:\WINDOWS;C:\WINDOWS\System32\Wbem;C:\WINDOWS\System32\WindowsPowerShell\v1.0\;C:\WINDOWS\System32\OpenSSH\;E:\Installation\wamp64\www;C:\Users\Nehemia;C:\composer;C:\Program Files\Git\cmd;C:\Users\Nehemia\AppData\Local\Android\Sdk\platform-tools;C:\Program Files\Docker\Docker\resources\bin;C:\ProgramData\chocolatey\bin;C:\Program Files\nodejs\;C:\Program Files\Java\jdk-22;C:\Users\Nehemia\AppData\Local\Android\Sdk\tools;C:\Users\Nehemia\scoop\shims;E:\Installation\anaconda3;E:\Installation\anaconda3\Library\mingw-w64\bin;E:\Installation\anaconda3\Library\usr\bin;E:\Installation\anaconda3\Library\bin;E:\Installation\anaconda3\Scripts;C:\Users\Nehemia\AppData\Local\Microsoft\WindowsApps;E:\Installation\wamp64\bin\php\php-8.3.6;C:\Program Files\Java\jdk-22;C:\flutter\bin;C:\Users\Nehemia\AppData\Roaming\Composer\vendor\bin;E:\Installation\IntelliJ IDEA 2022.2\bin;;C:\Users\Nehemia\AppData\Local\Programs\Microsoft VS Code\bin;C:\Users\Nehemia\AppData\Local\Android\Sdk\platform-tools;C:\Users\Nehemia\AppData\Roaming\npm;;E:\Installation\Android Studio\jbr\bin
Check launcher:	E:\Installation\Android Studio\jbr\bin\javaw.exe (OK)
Version string: 1.017.000_010 / 64-Bit (OK)
Launcher:	E:\Installation\Android Studio\jbr\bin\javaw.exe
Launcher args:	--module-path "C:\Program Files\Java\javafx-sdk-20.0.1\lib" --add-modules javafx.controls,javafx.fxml,javafx.graphics -jar "E:\Fichier et Etude\Workspace\JAVA - Projet\GestionEcole\src\gestion_ecole.exe"
Args length:	203/32768 chars
Exit code:	0


Version:	3.50
CmdLine:	E:\Fichier et Etude\Workspace\JAVA - Projet\GestionEcole\src\gestion_ecole.exe --l4j-debug
JNI:		No
WOW64:		Yes
Working dir:	E:\Fichier et Etude\Workspace\JAVA - Projet\GestionEcole\src\.
Requires JDK:	No
Requires 64-Bit: No
Java min ver:	
Java max ver:	
Substitute:	JAVA_HOME = E:\Installation\Android Studio\jbr
Substitute:	PATH = C:\Program Files\Microsoft\jdk-17.0.13.11-hotspot\bin;E:\Installation\Oracle\dbhomeXE\bin;C:\Program Files\Common Files\Oracle\Java\javapath;E:\Installation\python\Scripts\;E:\Installation\python\;C:\Program Files (x86)\NVIDIA Corporation\PhysX\Common;%JAVAFX_HOME%\lib;C:\WINDOWS\system32;C:\WINDOWS;C:\WINDOWS\System32\Wbem;C:\WINDOWS\System32\WindowsPowerShell\v1.0\;C:\WINDOWS\System32\OpenSSH\;E:\Installation\wamp64\www;C:\Users\Nehemia;C:\composer;C:\Program Files\Git\cmd;C:\Users\Nehemia\AppData\Local\Android\Sdk\platform-tools;C:\Program Files\Docker\Docker\resources\bin;C:\ProgramData\chocolatey\bin;C:\Program Files\nodejs\;C:\Program Files\Java\jdk-22;C:\Users\Nehemia\AppData\Local\Android\Sdk\tools;C:\Users\Nehemia\scoop\shims;E:\Installation\anaconda3;E:\Installation\anaconda3\Library\mingw-w64\bin;E:\Installation\anaconda3\Library\usr\bin;E:\Installation\anaconda3\Library\bin;E:\Installation\anaconda3\Scripts;C:\Users\Nehemia\AppData\Local\Microsoft\WindowsApps;E:\Installation\wamp64\bin\php\php-8.3.6;C:\Program Files\Java\jdk-22;C:\flutter\bin;C:\Users\Nehemia\AppData\Roaming\Composer\vendor\bin;E:\Installation\IntelliJ IDEA 2022.2\bin;;C:\Users\Nehemia\AppData\Local\Programs\Microsoft VS Code\bin;C:\Users\Nehemia\AppData\Local\Android\Sdk\platform-tools;C:\Users\Nehemia\AppData\Roaming\npm;;E:\Installation\Android Studio\jbr\bin
JRE paths:	E:\Installation\Android Studio\jbr;C:\Program Files\Microsoft\jdk-17.0.13.11-hotspot\bin;E:\Installation\Oracle\dbhomeXE\bin;C:\Program Files\Common Files\Oracle\Java\javapath;E:\Installation\python\Scripts\;E:\Installation\python\;C:\Program Files (x86)\NVIDIA Corporation\PhysX\Common;%JAVAFX_HOME%\lib;C:\WINDOWS\system32;C:\WINDOWS;C:\WINDOWS\System32\Wbem;C:\WINDOWS\System32\WindowsPowerShell\v1.0\;C:\WINDOWS\System32\OpenSSH\;E:\Installation\wamp64\www;C:\Users\Nehemia;C:\composer;C:\Program Files\Git\cmd;C:\Users\Nehemia\AppData\Local\Android\Sdk\platform-tools;C:\Program Files\Docker\Docker\resources\bin;C:\ProgramData\chocolatey\bin;C:\Program Files\nodejs\;C:\Program Files\Java\jdk-22;C:\Users\Nehemia\AppData\Local\Android\Sdk\tools;C:\Users\Nehemia\scoop\shims;E:\Installation\anaconda3;E:\Installation\anaconda3\Library\mingw-w64\bin;E:\Installation\anaconda3\Library\usr\bin;E:\Installation\anaconda3\Library\bin;E:\Installation\anaconda3\Scripts;C:\Users\Nehemia\AppData\Local\Microsoft\WindowsApps;E:\Installation\wamp64\bin\php\php-8.3.6;C:\Program Files\Java\jdk-22;C:\flutter\bin;C:\Users\Nehemia\AppData\Roaming\Composer\vendor\bin;E:\Installation\IntelliJ IDEA 2022.2\bin;;C:\Users\Nehemia\AppData\Local\Programs\Microsoft VS Code\bin;C:\Users\Nehemia\AppData\Local\Android\Sdk\platform-tools;C:\Users\Nehemia\AppData\Roaming\npm;;E:\Installation\Android Studio\jbr\bin
Check launcher:	E:\Installation\Android Studio\jbr\bin\javaw.exe (OK)
Version string: 1.017.000_010 / 64-Bit (OK)
Launcher:	E:\Installation\Android Studio\jbr\bin\javaw.exe
Launcher args:	--module-path "C:\Program Files\Java\javafx-sdk-20.0.1\lib" --add-modules javafx.controls,javafx.fxml,javafx.graphics -jar "E:\Fichier et Etude\Workspace\JAVA - Projet\GestionEcole\src\gestion_ecole.exe"
Args length:	203/32768 chars
Exit code:	0


Version:	3.50
CmdLine:	E:\Fichier et Etude\Workspace\JAVA - Projet\GestionEcole\src\gestion_ecole.exe --l4j-debug
JNI:		No
WOW64:		Yes
Working dir:	E:\Fichier et Etude\Workspace\JAVA - Projet\GestionEcole\src\.
Requires JDK:	No
Requires 64-Bit: No
Java min ver:	
Java max ver:	
Substitute:	JAVA_HOME = E:\Installation\Android Studio\jbr
Substitute:	PATH = C:\Program Files\Microsoft\jdk-17.0.13.11-hotspot\bin;E:\Installation\Oracle\dbhomeXE\bin;C:\Program Files\Common Files\Oracle\Java\javapath;E:\Installation\python\Scripts\;E:\Installation\python\;C:\Program Files (x86)\NVIDIA Corporation\PhysX\Common;%JAVAFX_HOME%\lib;C:\WINDOWS\system32;C:\WINDOWS;C:\WINDOWS\System32\Wbem;C:\WINDOWS\System32\WindowsPowerShell\v1.0\;C:\WINDOWS\System32\OpenSSH\;E:\Installation\wamp64\www;C:\Users\Nehemia;C:\composer;C:\Program Files\Git\cmd;C:\Users\Nehemia\AppData\Local\Android\Sdk\platform-tools;C:\Program Files\Docker\Docker\resources\bin;C:\ProgramData\chocolatey\bin;C:\Program Files\nodejs\;C:\Program Files\Java\jdk-22;C:\Users\Nehemia\AppData\Local\Android\Sdk\tools;C:\Users\Nehemia\scoop\shims;E:\Installation\anaconda3;E:\Installation\anaconda3\Library\mingw-w64\bin;E:\Installation\anaconda3\Library\usr\bin;E:\Installation\anaconda3\Library\bin;E:\Installation\anaconda3\Scripts;C:\Users\Nehemia\AppData\Local\Microsoft\WindowsApps;E:\Installation\wamp64\bin\php\php-8.3.6;C:\Program Files\Java\jdk-22;C:\flutter\bin;C:\Users\Nehemia\AppData\Roaming\Composer\vendor\bin;E:\Installation\IntelliJ IDEA 2022.2\bin;;C:\Users\Nehemia\AppData\Local\Programs\Microsoft VS Code\bin;C:\Users\Nehemia\AppData\Local\Android\Sdk\platform-tools;C:\Users\Nehemia\AppData\Roaming\npm;;E:\Installation\Android Studio\jbr\bin
JRE paths:	E:\Installation\Android Studio\jbr;C:\Program Files\Microsoft\jdk-17.0.13.11-hotspot\bin;E:\Installation\Oracle\dbhomeXE\bin;C:\Program Files\Common Files\Oracle\Java\javapath;E:\Installation\python\Scripts\;E:\Installation\python\;C:\Program Files (x86)\NVIDIA Corporation\PhysX\Common;%JAVAFX_HOME%\lib;C:\WINDOWS\system32;C:\WINDOWS;C:\WINDOWS\System32\Wbem;C:\WINDOWS\System32\WindowsPowerShell\v1.0\;C:\WINDOWS\System32\OpenSSH\;E:\Installation\wamp64\www;C:\Users\Nehemia;C:\composer;C:\Program Files\Git\cmd;C:\Users\Nehemia\AppData\Local\Android\Sdk\platform-tools;C:\Program Files\Docker\Docker\resources\bin;C:\ProgramData\chocolatey\bin;C:\Program Files\nodejs\;C:\Program Files\Java\jdk-22;C:\Users\Nehemia\AppData\Local\Android\Sdk\tools;C:\Users\Nehemia\scoop\shims;E:\Installation\anaconda3;E:\Installation\anaconda3\Library\mingw-w64\bin;E:\Installation\anaconda3\Library\usr\bin;E:\Installation\anaconda3\Library\bin;E:\Installation\anaconda3\Scripts;C:\Users\Nehemia\AppData\Local\Microsoft\WindowsApps;E:\Installation\wamp64\bin\php\php-8.3.6;C:\Program Files\Java\jdk-22;C:\flutter\bin;C:\Users\Nehemia\AppData\Roaming\Composer\vendor\bin;E:\Installation\IntelliJ IDEA 2022.2\bin;;C:\Users\Nehemia\AppData\Local\Programs\Microsoft VS Code\bin;C:\Users\Nehemia\AppData\Local\Android\Sdk\platform-tools;C:\Users\Nehemia\AppData\Roaming\npm;;E:\Installation\Android Studio\jbr\bin
Check launcher:	E:\Installation\Android Studio\jbr\bin\javaw.exe (OK)
Version string: 1.017.000_010 / 64-Bit (OK)
Launcher:	E:\Installation\Android Studio\jbr\bin\javaw.exe
Launcher args:	--module-path "C:\Program Files\Java\javafx-sdk-20.0.1\lib" --add-modules javafx.controls,javafx.fxml,javafx.graphics -jar "E:\Fichier et Etude\Workspace\JAVA - Projet\GestionEcole\src\gestion_ecole.exe"
Args length:	203/32768 chars
Exit code:	0


Version:	3.50
CmdLine:	E:\Fichier et Etude\Workspace\JAVA - Projet\GestionEcole\src\gestion_ecole.exe --l4j-debug
JNI:		No
WOW64:		Yes
Working dir:	E:\Fichier et Etude\Workspace\JAVA - Projet\GestionEcole\src\.
Requires JDK:	No
Requires 64-Bit: No
Java min ver:	
Java max ver:	
Substitute:	JAVA_HOME = E:\Installation\Android Studio\jbr
Substitute:	PATH = C:\Program Files\Microsoft\jdk-17.0.13.11-hotspot\bin;E:\Installation\Oracle\dbhomeXE\bin;C:\Program Files\Common Files\Oracle\Java\javapath;E:\Installation\python\Scripts\;E:\Installation\python\;C:\Program Files (x86)\NVIDIA Corporation\PhysX\Common;%JAVAFX_HOME%\lib;C:\WINDOWS\system32;C:\WINDOWS;C:\WINDOWS\System32\Wbem;C:\WINDOWS\System32\WindowsPowerShell\v1.0\;C:\WINDOWS\System32\OpenSSH\;E:\Installation\wamp64\www;C:\Users\Nehemia;C:\composer;C:\Program Files\Git\cmd;C:\Users\Nehemia\AppData\Local\Android\Sdk\platform-tools;C:\Program Files\Docker\Docker\resources\bin;C:\ProgramData\chocolatey\bin;C:\Program Files\nodejs\;C:\Program Files\Java\jdk-22;C:\Users\Nehemia\AppData\Local\Android\Sdk\tools;C:\Users\Nehemia\scoop\shims;E:\Installation\anaconda3;E:\Installation\anaconda3\Library\mingw-w64\bin;E:\Installation\anaconda3\Library\usr\bin;E:\Installation\anaconda3\Library\bin;E:\Installation\anaconda3\Scripts;C:\Users\Nehemia\AppData\Local\Microsoft\WindowsApps;E:\Installation\wamp64\bin\php\php-8.3.6;C:\Program Files\Java\jdk-22;C:\flutter\bin;C:\Users\Nehemia\AppData\Roaming\Composer\vendor\bin;E:\Installation\IntelliJ IDEA 2022.2\bin;;C:\Users\Nehemia\AppData\Local\Programs\Microsoft VS Code\bin;C:\Users\Nehemia\AppData\Local\Android\Sdk\platform-tools;C:\Users\Nehemia\AppData\Roaming\npm;;E:\Installation\Android Studio\jbr\bin
JRE paths:	E:\Installation\Android Studio\jbr;C:\Program Files\Microsoft\jdk-17.0.13.11-hotspot\bin;E:\Installation\Oracle\dbhomeXE\bin;C:\Program Files\Common Files\Oracle\Java\javapath;E:\Installation\python\Scripts\;E:\Installation\python\;C:\Program Files (x86)\NVIDIA Corporation\PhysX\Common;%JAVAFX_HOME%\lib;C:\WINDOWS\system32;C:\WINDOWS;C:\WINDOWS\System32\Wbem;C:\WINDOWS\System32\WindowsPowerShell\v1.0\;C:\WINDOWS\System32\OpenSSH\;E:\Installation\wamp64\www;C:\Users\Nehemia;C:\composer;C:\Program Files\Git\cmd;C:\Users\Nehemia\AppData\Local\Android\Sdk\platform-tools;C:\Program Files\Docker\Docker\resources\bin;C:\ProgramData\chocolatey\bin;C:\Program Files\nodejs\;C:\Program Files\Java\jdk-22;C:\Users\Nehemia\AppData\Local\Android\Sdk\tools;C:\Users\Nehemia\scoop\shims;E:\Installation\anaconda3;E:\Installation\anaconda3\Library\mingw-w64\bin;E:\Installation\anaconda3\Library\usr\bin;E:\Installation\anaconda3\Library\bin;E:\Installation\anaconda3\Scripts;C:\Users\Nehemia\AppData\Local\Microsoft\WindowsApps;E:\Installation\wamp64\bin\php\php-8.3.6;C:\Program Files\Java\jdk-22;C:\flutter\bin;C:\Users\Nehemia\AppData\Roaming\Composer\vendor\bin;E:\Installation\IntelliJ IDEA 2022.2\bin;;C:\Users\Nehemia\AppData\Local\Programs\Microsoft VS Code\bin;C:\Users\Nehemia\AppData\Local\Android\Sdk\platform-tools;C:\Users\Nehemia\AppData\Roaming\npm;;E:\Installation\Android Studio\jbr\bin
Check launcher:	E:\Installation\Android Studio\jbr\bin\javaw.exe (OK)
Version string: 1.017.000_010 / 64-Bit (OK)
Launcher:	E:\Installation\Android Studio\jbr\bin\javaw.exe
Launcher args:	--module-path "C:\Program Files\Java\javafx-sdk-20.0.1\lib" --add-modules javafx.controls,javafx.fxml,javafx.graphics -jar "E:\Fichier et Etude\Workspace\JAVA - Projet\GestionEcole\src\gestion_ecole.exe"
Args length:	203/32768 chars
Exit code:	0
